System check identified no issues (0 silenced).
System check identified no issues (0 silenced).
System check identified no issues (0 silenced).
System check identified no issues (0 silenced).
System check identified no issues (0 silenced).
